// Jest Snapshot v1, https://goo.gl/fbAQLP

exports[`<Card /> should render the heading 1`] = `
<main
  class=""
>
  <h1>
    Card
  </h1>
</main>
`
